CompUnit {
  StmtInput { Move }
  StmtCase { Move, 
  Case { 'W', 
    Block {
      StmtAssign { Position, Exp { AddExpOp { SUB, Position, 10 } } }
    }
  }
  Case { 'S', 
    Block {
      StmtAssign { Position, Exp { AddExpOp { ADD, Position, 10 } } }
    }
  }
  Case { 'A', 
    Block {
      StmtAssign { Position, Exp { AddExpOp { SUB, Position, 1 } } }
    }
  }
  Case { 'D', 
    Block {
      StmtAssign { Position, Exp { AddExpOp { ADD, Position, 1 } } }
    }
  }
  }
  StmtInput { Score }
  StmtCase { Move, 
  Case { 70, 100, 
    Block {
      StmtAssign { Grade, Exp { 'A' } }
    }
  }
  Case { 60, 70, 
    Block {
      StmtAssign { Grade, Exp { 'B' } }
    }
  }
  Case { 50, 60, 
    Block {
      StmtAssign { Grade, Exp { 'C' } }
    }
  }
  Case { 40, 50, 
    Block {
      StmtAssign { Grade, Exp { 'D' } }
    }
  }
  }
}

Symbol Table Changes:
Entered a new scope (Scope Level 0).
Entered a new scope (Scope Level 1).
Exited scope (Scope Level 1).
Entered a new scope (Scope Level 1).
Exited scope (Scope Level 1).
Entered a new scope (Scope Level 1).
Exited scope (Scope Level 1).
Entered a new scope (Scope Level 1).
Exited scope (Scope Level 1).
Entered a new scope (Scope Level 1).
Exited scope (Scope Level 1).
Entered a new scope (Scope Level 1).
Exited scope (Scope Level 1).
Entered a new scope (Scope Level 1).
Exited scope (Scope Level 1).
Entered a new scope (Scope Level 1).
Exited scope (Scope Level 1).
Entered a new scope (Scope Level 1).
Exited scope (Scope Level 1).

