CompUnit {
  StmtAssign { Total, Exp { 0 } }
  StmtFor { Row, Exp { 1 }, Exp { MaxRow }, no-step, 
    Block {
      StmtAssign { RowTotal, Exp { 0 } }
      StmtFor { Column, Exp { 1 }, Exp { 10 }, no-step, 
        Block {
          StmtAssign { RowTotal, Exp { AddExpOp { ADD, RowTotal, Amount { Exp { Row } Exp { Column } } } } }
        }
      }
      StmtOutput { Exp { "Total for Row " } Exp { Row } Exp { " is " } Exp { RowTotal } }
      StmtAssign { Total, Exp { AddExpOp { ADD, Total, RowTotal } } }
    }
  }
  StmtOutput { Exp { "The grand total is " } Exp { Total } }
}

Symbol Table Changes:
Entered a new scope (Scope Level 0).
Entered a new scope (Scope Level 1).
Entered a new scope (Scope Level 2).
Exited scope (Scope Level 2).
Exited scope (Scope Level 1).

