CompUnit {
  FuncDef { INTEGER, Max, ParamList { Param { BY_DEFAULT, Number1, INTEGER } Param { BY_DEFAULT, Number2, INTEGER } }, 
    Block {
      StmtIf { Exp { RelExpCompare { GT, Number1, Number2 } }, 
        Block {
          StmtReturn { Exp { Number1 } }
        }, 
        Block {
          StmtReturn { Exp { Number2 } }
        }
      }
    }
  }
  StmtOutput { Exp { "Penalty Fine = " } Exp { FuncCall { Max, Exp { 10 } Exp { MulExpOp { MUL, Distance, 2 } } } } }
}

Symbol Table Changes:
Entered a new scope (Scope Level 0).
Entered a new scope (Scope Level 1).
Entered a new scope (Scope Level 2).
Exited scope (Scope Level 2).
Entered a new scope (Scope Level 2).
Exited scope (Scope Level 2).
Exited scope (Scope Level 1).
Inserted 'Max' (FUNCTION) into Scope Level 0 (line 9).

