CompUnit {
  StmtIf { Exp { RelExpCompare { GT, LVal { ChallengerScore }, LVal { ChampionScore } } }, 
    Block {
      StmtIf { Exp { RelExpCompare { GT, LVal { ChallengerScore }, LVal { HighestScore } } }, 
        Block {
          StmtOutput { Exp { LVal { ChallengerName } } Exp { " is champion and highest scorer" } }
        }, 
        Block {
          StmtOutput { Exp { LVal { ChallengerName } } Exp { " is the new champion" } }
        }
      }
    }, 
    Block {
      StmtOutput { Exp { LVal { ChampionName } } Exp { " is still the champion" } }
      StmtIf { Exp { RelExpCompare { GT, LVal { ChampionScore }, LVal { HighestScore } } }, 
        Block {
          StmtOutput { Exp { LVal { ChampionName } } Exp { " is also the highest scorer" } }
        }, 
        no-else
      }
    }
  }
}

Symbol Table Changes:
Entered a new scope (Scope Level 0).
Entered a new scope (Scope Level 1).
Entered a new scope (Scope Level 2).
Exited scope (Scope Level 2).
Entered a new scope (Scope Level 2).
Exited scope (Scope Level 2).
Exited scope (Scope Level 1).
Entered a new scope (Scope Level 1).
Entered a new scope (Scope Level 2).
Exited scope (Scope Level 2).
Exited scope (Scope Level 1).

