CompUnit {
  ProcDef { SWAP, ParamList { Param { BY_REF, X, INTEGER } Param { BY_DEFAULT, Y, INTEGER } }, 
    Block {
      StmtAssign { Temp, Exp { X } }
      StmtAssign { X, Exp { Y } }
      StmtAssign { Y, Exp { Temp } }
    }
  }
}

Symbol Table Changes:
Entered a new scope (Scope Level 0).
Entered a new scope (Scope Level 1).
Exited scope (Scope Level 1).
Inserted 'SWAP' (PROCEDURE) into Scope Level 0 (line 5).

