CompUnit {
  VarDecl { Pupil, Student }
  VarDecl { NewPupil, Student }
  VarDecl { Position, INTEGER }
  StmtAssign { NewPupil . LastName, Exp { "Johnson" } }
  StmtAssign { NewPupil . Firstname, Exp { "Leroy" } }
  StmtAssign { NewPupil . DateOfBirth, Exp { 02/01/2005 } }
  StmtAssign { NewPupil . YearGroup, Exp { 6 } }
  StmtAssign { NewPupil . FormGroup, Exp { 'A' } }
  StmtOpenFile { "StudentFile.Dat", RANDOM }
  StmtFor { Position, Exp { 20 }, Exp { 10 }, Exp { UnaryExpOp { UnaryOp { SUB }, 1 } }, 
    Block {
      StmtSeek { "StudentFile.Dat", Exp { Position } }
      StmtGetRecord { "StudentFile.Dat", Pupil }
      StmtSeek { "StudentFile.Dat", Exp { AddExpOp { ADD, Position, 1 } } }
      StmtPutRecord { "StudentFile.Dat", Pupil }
    }
  }
  StmtSeek { "StudentFile.Dat", Exp { 10 } }
  StmtPutRecord { "StudentFile.Dat", NewPupil }
  StmtCloseFile { "StudentFile.dat" }
}

Symbol Table Changes:
Entered a new scope (Scope Level 0).
Inserted 'Pupil' (VARIABLE) into Scope Level 0 (line 1).
Inserted 'NewPupil' (VARIABLE) into Scope Level 0 (line 2).
Inserted 'Position' (VARIABLE) into Scope Level 0 (line 3).
Entered a new scope (Scope Level 1).
Exited scope (Scope Level 1).

